2018-08-04 17:13:44,537 INFO    : 开始连接数据库...
2018-08-04 17:13:44,543 INFO    : 连接数据库成功
2018-08-04 17:13:44,543 INFO    : 查询数据中：select * from user 
2018-08-04 17:13:44,545 INFO    : ('localhost', 'root', '*81F5E21E35407D884A6CD4A731AEBFB6AF209E1B', 'Y', 'Y', 'Y', 'Y', 'Y', 'Y', 'Y', 'Y', 'Y', 'Y', 'Y', 'Y', 'Y', 'Y', 'Y', 'Y', 'Y', 'Y', 'Y', 'Y', 'Y', 'Y', 'Y', 'Y', 'Y', 'Y', 'Y', 'Y', 'Y', '', b'', b'', b'', 0, 0, 0, 0, 'mysql_native_password', '', 'N')
2018-08-04 17:13:44,545 INFO    : ('127.0.0.1', 'root', '*81F5E21E35407D884A6CD4A731AEBFB6AF209E1B', 'Y', 'Y', 'Y', 'Y', 'Y', 'Y', 'Y', 'Y', 'Y', 'Y', 'Y', 'Y', 'Y', 'Y', 'Y', 'Y', 'Y', 'Y', 'Y', 'Y', 'Y', 'Y', 'Y', 'Y', 'Y', 'Y', 'Y', 'Y', 'Y', '', b'', b'', b'', 0, 0, 0, 0, 'mysql_native_password', '', 'N')
2018-08-04 17:13:44,545 INFO    : ('::1', 'root', '*81F5E21E35407D884A6CD4A731AEBFB6AF209E1B', 'Y', 'Y', 'Y', 'Y', 'Y', 'Y', 'Y', 'Y', 'Y', 'Y', 'Y', 'Y', 'Y', 'Y', 'Y', 'Y', 'Y', 'Y', 'Y', 'Y', 'Y', 'Y', 'Y', 'Y', 'Y', 'Y', 'Y', 'Y', 'Y', '', b'', b'', b'', 0, 0, 0, 0, 'mysql_native_password', '', 'N')
2018-08-04 17:13:44,545 INFO    : ('localhost', '', '', 'N', 'N', 'N', 'N', 'N', 'N', 'N', 'N', 'N', 'N', 'N', 'N', 'N', 'N', 'N', 'N', 'N', 'N', 'N', 'N', 'N', 'N', 'N', 'N', 'N', 'N', 'N', 'N', 'N', '', b'', b'', b'', 0, 0, 0, 0, 'mysql_native_password', None, 'N')
2018-08-04 17:13:44,545 INFO    : 开始关闭数据库连接...
2018-08-04 17:13:44,545 INFO    : 已关闭数据库连接！
